Torgersen
Torgersen
Torgersen
Torgersen
Torgersen
Torgersen
Torgersen
Torgersen
Biscoe
Biscoe
Biscoe
Biscoe
Biscoe
Biscoe
Biscoe
Dream
Dream
Dream
Dream
Dream
Dream
Dream
Dream
Dream
Dream
Dream
Dream
Dream
Dream
Dream
Dream
Dream
Dream
Dream
